  type: cg
  left preconditioning
  type: jacobi
convergence test: skip
  type: lsqr
  left preconditioning
  using DEFAULT norm type for convergence test
  type: jacobi
convergence test: lsqr
  type: cg
  left preconditioning
  type: jacobi
convergence test: skip
