MatNullSpace Object: 1 MPI process
  type not yet set
  Contains 3 vectors
  Vec Object: 1 MPI process
    type: seq
  0.353553
  0.353553
  0.353553
  0.353553
  0.353553
  0.353553
  0.353553
  0.353553
  Vec Object: 1 MPI process
    type: seq
  -0.353553
  -0.353553
  0.353553
  0.353553
  -0.353553
  -0.353553
  0.353553
  0.353553
  Vec Object: 1 MPI process
    type: seq
  0.353553
  -0.353553
  0.353553
  -0.353553
  0.353553
  -0.353553
  0.353553
  -0.353553
