MatNullSpace Object: 1 MPI process
  type not yet set
  Contains 3 vectors
  Vec Object: 1 MPI process
    type: seq
  0.5
  0.
  0.5
  0.
  0.
  0.
  0.
  0.
  0.5
  0.
  0.5
  0.
  0.
  0.
  0.
  0.
  Vec Object: 1 MPI process
    type: seq
  0.
  0.288675
  0.
  0.288675
  0.288675
  0.288675
  0.288675
  0.288675
  0.
  0.288675
  0.
  0.288675
  0.288675
  0.288675
  0.288675
  0.288675
  Vec Object: 1 MPI process
    type: seq
  0.246598
  -1.09429e-16
  -0.0821995
  -1.09429e-16
  -0.328798
  0.328798
  -0.328798
  0.328798
  0.0821995
  -1.09429e-16
  -0.246598
  -1.09429e-16
  -0.328798
  -0.328798
  0.328798
  0.328798
