MatNullSpace Object: 1 MPI process
  type not yet set
  Contains 5 vectors
  Vec Object: 1 MPI process
    type: seq
  0.5
  0.
  0.
  0.5
  0.
  0.
  0.
  0.
  0.
  0.
  0.
  0.
  0.
  0.
  0.
  0.
  0.
  0.
  0.
  0.
  0.
  0.
  0.5
  0.
  0.
  0.5
  0.
  0.
  0.
  0.
  0.
  0.
  0.
  0.
  0.
  0.
  0.
  0.
  0.
  0.
  0.
  0.
  0.
  0.
  Vec Object: 1 MPI process
    type: seq
  0.
  0.5
  0.
  0.
  0.5
  0.
  0.
  0.
  0.
  0.
  0.
  0.
  0.
  0.
  0.
  0.
  0.
  0.
  0.
  0.
  0.
  0.
  0.
  0.5
  0.
  0.
  0.5
  0.
  0.
  0.
  0.
  0.
  0.
  0.
  0.
  0.
  0.
  0.
  0.
  0.
  0.
  0.
  0.
  0.
  Vec Object: 1 MPI process
    type: seq
  0.
  0.
  0.166667
  0.
  0.
  0.166667
  0.166667
  0.166667
  0.166667
  0.166667
  0.166667
  0.166667
  0.166667
  0.166667
  0.166667
  0.166667
  0.166667
  0.166667
  0.166667
  0.166667
  0.166667
  0.166667
  0.
  0.
  0.166667
  0.
  0.
  0.166667
  0.166667
  0.166667
  0.166667
  0.166667
  0.166667
  0.166667
  0.166667
  0.166667
  0.166667
  0.166667
  0.166667
  0.166667
  0.166667
  0.166667
  0.166667
  0.166667
  Vec Object: 1 MPI process
    type: seq
  0.
  0.0497519
  4.05062e-17
  0.
  -0.149256
  4.05062e-17
  -0.199007
  -0.199007
  0.199007
  0.199007
  -0.199007
  -0.199007
  0.199007
  0.199007
  4.05062e-17
  4.05062e-17
  4.05062e-17
  4.05062e-17
  -0.199007
  0.199007
  -0.199007
  0.199007
  0.
  0.149256
  4.05062e-17
  0.
  -0.0497519
  4.05062e-17
  -0.199007
  0.199007
  -0.199007
  0.199007
  4.05062e-17
  4.05062e-17
  4.05062e-17
  4.05062e-17
  -0.199007
  -0.199007
  -0.199007
  -0.199007
  0.199007
  0.199007
  0.199007
  0.199007
  Vec Object: 1 MPI process
    type: seq
  -0.0497519
  0.
  1.84119e-17
  0.149256
  0.
  1.84119e-17
  0.199007
  -0.199007
  0.199007
  -0.199007
  0.199007
  -0.199007
  0.199007
  -0.199007
  0.199007
  -0.199007
  0.199007
  -0.199007
  1.84119e-17
  1.84119e-17
  1.84119e-17
  1.84119e-17
  -0.149256
  0.
  1.84119e-17
  0.0497519
  0.
  1.84119e-17
  1.84119e-17
  1.84119e-17
  1.84119e-17
  1.84119e-17
  0.199007
  -0.199007
  0.199007
  -0.199007
  0.199007
  0.199007
  -0.199007
  -0.199007
  0.199007
  0.199007
  -0.199007
  -0.199007
