DM Object: zbox 1 MPI process
  type: plex
zbox in 2 dimensions:
Supports:
[0] Max support size: 2
[0]: 1 ----> 5
[0]: 1 ----> 8
[0]: 2 ----> 7
[0]: 2 ----> 8
[0]: 3 ----> 5
[0]: 3 ----> 6
[0]: 4 ----> 6
[0]: 4 ----> 7
[0]: 5 ----> 0
[0]: 6 ----> 0
[0]: 7 ----> 0
[0]: 8 ----> 0
Cones:
[0] Max cone size: 4
[0]: 0 <---- 5 (0)
[0]: 0 <---- 6 (0)
[0]: 0 <---- 7 (-1)
[0]: 0 <---- 8 (-1)
[0]: 5 <---- 1 (0)
[0]: 5 <---- 3 (0)
[0]: 6 <---- 3 (0)
[0]: 6 <---- 4 (0)
[0]: 7 <---- 2 (0)
[0]: 7 <---- 4 (0)
[0]: 8 <---- 1 (0)
[0]: 8 <---- 2 (0)
coordinates with 1 fields
  field 0 with 2 components
Process 0:
  (   1) dof  2 offset   0 0. 0.
  (   2) dof  2 offset   2 0. 1.
  (   3) dof  2 offset   4 1. 0.
  (   4) dof  2 offset   6 1. 1.
Labels:
Label 'celltype':
[0]: 1 (0)
[0]: 2 (0)
[0]: 3 (0)
[0]: 4 (0)
[0]: 0 (4)
[0]: 5 (1)
[0]: 6 (1)
[0]: 7 (1)
[0]: 8 (1)
Label 'Face Sets':
PetscSF Object: Z-order Isoperiodic Faces #0 1 MPI process
  type: basic
  [0] Number of roots=9, leaves=1, remote ranks=1
  [0] 6 <- (0,8)
  [0] Roots referenced by my leaves, by rank
  [0] 0: 1 edges
  [0]    6 <- 8
  MultiSF sort=rank-order
PetscSF Object: Z-order Isoperiodic Faces #1 1 MPI process
  type: basic
  [0] Number of roots=9, leaves=1, remote ranks=1
  [0] 7 <- (0,5)
  [0] Roots referenced by my leaves, by rank
  [0] 0: 1 edges
  [0]    7 <- 5
  MultiSF sort=rank-order
## cells: 'default' {0}
Coordinates by element in bfs order
[0] 0 <--  0 ( 0.00,  0.00)
[0] 1 <--  4 ( 1.00,  0.00)
[0] 2 <--  6 ( 1.00,  1.00)
[0] 3 <--  2 ( 0.00,  1.00)
## faces: 'Face Sets' {1}
Coordinates by element in bfs order
Mat Object: 1 MPI process
  type: seqaij
row 0: (0, 0.)  (1, 0.)  (2, 0.)  (3, 0.)  (4, 0.)  (5, 0.)  (6, 0.)  (7, 0.) 
row 1: (0, 0.)  (1, 0.)  (2, 0.)  (3, 0.)  (4, 0.)  (5, 0.)  (6, 0.)  (7, 0.) 
row 2: (0, 0.)  (1, 0.)  (2, 0.)  (3, 0.)  (4, 0.)  (5, 0.)  (6, 0.)  (7, 0.) 
row 3: (0, 0.)  (1, 0.)  (2, 0.)  (3, 0.)  (4, 0.)  (5, 0.)  (6, 0.)  (7, 0.) 
row 4: (0, 0.)  (1, 0.)  (2, 0.)  (3, 0.)  (4, 0.)  (5, 0.)  (6, 0.)  (7, 0.) 
row 5: (0, 0.)  (1, 0.)  (2, 0.)  (3, 0.)  (4, 0.)  (5, 0.)  (6, 0.)  (7, 0.) 
row 6: (0, 0.)  (1, 0.)  (2, 0.)  (3, 0.)  (4, 0.)  (5, 0.)  (6, 0.)  (7, 0.) 
row 7: (0, 0.)  (1, 0.)  (2, 0.)  (3, 0.)  (4, 0.)  (5, 0.)  (6, 0.)  (7, 0.) 
